#-----------------------------------------------------------
# Webtalk v2020.2 (64-bit)
# SW Build 3064766 on Wed Nov 18 09:12:45 MST 2020
# IP Build 3064653 on Wed Nov 18 14:17:31 MST 2020
# Start of session at: Sat May 22 21:42:28 2021
# Process ID: 3532
# Current directory: D:/Study/ComputerScience/ComputerOrganization/vivado/cs202_project/CPU.sim/sim_1/behav/xsim
# Command line: wbtcv.exe -mode batch -source D:/Study/ComputerScience/ComputerOrganization/vivado/cs202_project/CPU.sim/sim_1/behav/xsim/xsim.dir/tb_cpu_behav/webtalk/xsim_webtalk.tcl -notrace
# Log file: D:/Study/ComputerScience/ComputerOrganization/vivado/cs202_project/CPU.sim/sim_1/behav/xsim/webtalk.log
# Journal file: D:/Study/ComputerScience/ComputerOrganization/vivado/cs202_project/CPU.sim/sim_1/behav/xsim\webtalk.jou
#-----------------------------------------------------------
source D:/Study/ComputerScience/ComputerOrganization/vivado/cs202_project/CPU.sim/sim_1/behav/xsim/xsim.dir/tb_cpu_behav/webtalk/xsim_webtalk.tcl -notrace
